--- Q 1. WRITE A QUERY TO DISPLAY TOTAL SALARY NEEDED TO PAY EACH JOB IN EMPLOYEE TABLE.
SQL> SELECT JOB, SUM(SAL)
  2  FROM EMP
  3  GROUP BY JOB;

JOB         SUM(SAL)                                                                                
--------- ----------                                                                                
CLERK           4150                                                                                
SALESMAN        5600                                                                                
PRESIDENT       5000                                                                                
MANAGER         8275                                                                                
ANALYST         6000                                                                                

SQL> --Q 2. WRITE A QUERY TO DISPLAY THE HIRE DATE ON WHICH AT LEAST 3 EMPLOYEES WHERE HIRED.
SQL> SELECT HIREDATE, COUNT(*)
  2  FROM EMP
  3  GROUP BY HIREDATE
  4  HAVING COUNT(*) = 3 ;

no rows selected

SQL> --Q 3. WRITE A QUERY TO DISPLAY THE DEPARTMENT NUMBER WHICH HAS MORE THAN 2 EMPLOYEES AND      --THE TOTAL AMOUNT REQUIRED TO PAY THE MONTHLY SALARIES OF ALL THE EMPLOYEES IN THAT DEPARTMENT SHOU--THE TOTAL AMOUNT REQUIRED TO PAY THE MONTHLY SALARIES OF ALL THE EMPLOYEES IN THAT DEPARTMENT SHOU--LD BE MORE THAN 9000.
SQL> 
SQL> SELECT DEPTNO, SUM(SAL), COUNT(*)
  2  FROM EMP
  3  GROUP BY DEPTNO
  4  HAVING COUNT(*) > 2 AND SUM(SAL) > 9000;

    DEPTNO   SUM(SAL)   COUNT(*)                                                                    
---------- ---------- ----------                                                                    
        30       9400          6                                                                    
        20      10875          5                                                                    

SQL> --Q 4. WRITE A QUERY TO DISPLAY NUMBER OF EMPLOYEES WORKING IN EACH DEPARTMENT AND IT’S        --AVERAGE SALARY BY EXCLUDING ALL THE EMPLOYEES WHOSE SALARY IS LESS THAN THEIR COMMISSION.
SQL> SELECT DEPTNO, COUNT(*), AVG(SAL)
  2  FROM EMP
  3  WHERE SAL < COMM
  4  GROUP BY DEPTNO;

    DEPTNO   COUNT(*)   AVG(SAL)                                                                    
---------- ---------- ----------                                                                    
        30          1       1250                                                                    

SQL> --Q 5. WRITE A QUERY TO DISPLAY THE SALARIES WHICH HAS REPETITIONS IN THE SAL COLUMN OF EMPLOYE-- TABLE
SQL> 
SQL> SELECT SAL
  2  FROM EMP
  3  GROUP BY SAL
  4  HAVING COUNT(*)>1;

       SAL                                                                                          
----------                                                                                          
      1250                                                                                          
      3000                                                                                          

SQL> SELECT COUNT(*),SAL
  2  FROM EMP
  3  GROUP BY SAL
  4  HAVING COUNT(*) > 1;

  COUNT(*)        SAL                                                                               
---------- ----------                                                                               
         2       1250                                                                               
         2       3000                                                                               

SQL> --Q 6. WRITE A QUERY TO DISPLAY THE EMPLOYEE NAME ONLY IF MORE THAN ONE PERSON IN THE EMPLOYEES -- OF THE COMPANY HAS SAME NAME
SQL> 
SQL> SELECT ENAME
  2  FROM EMP
  3  GROUP BY ENAME
  4  HAVING COUNT(ENAME)>1;

no rows selected

SQL> --Q 7. WRITE A QUERY TO DISPLAY THE DEPARTMENT NUMBER WHOSE AVERAGE SALARY IS BETWEEN 2500 AND -- 3000
SQL> 
SQL> SELECT DEPTNO,AVG(SAL)
  2  FROM EMP
  3  GROUP BY DEPTNO
  4  HAVING AVG(SAL) BETWEEN 2500 AND 3000;

    DEPTNO   AVG(SAL)                                                                               
---------- ----------                                                                               
        10 2916.66667                                                                               

SQL> -- Q 8. WRITE A QUERY TO DISPLAY THE NUMBER OF EMPLOYEES ONLY IF THEY ARE WORKING AS MANAGER OR--ANALYST AND THEIR ANNUAL SAL SHOULD END WITH A ZERO, IN EACH DEPARTMENT.
SQL> 
SQL> SELECT COUNT(*),SAL*12 AS ANUAL_SAL,DEPTNO
  2  FROM EMP
  3  WHERE SAL*12 LIKE '%0' AND DEPTNI IN ('MANAGER','ANALYST')
  4  GROUP BY DEPTNO;
WHERE SAL*12 LIKE '%0' AND DEPTNI IN ('MANAGER','ANALYST')
                           *
ERROR at line 3:
ORA-00904: "DEPTNI": invalid identifier 


SQL> SELECY COUNT(*), SAL*12 AS ANNUAL_SAL,DEPTNO
SP2-0734: unknown command beginning "SELECY COU..." - rest of line ignored.
SQL> SELECT COUNT(*), SAL*12 AS ANNUAL_SAL, DEPTNO
  2  FROM EMP
  3  WHERE DEPTNO IN ('MANAGER','ANALYST') AND SAL*12 LIKE '%0'
  4  GROUP BY DEPTNO;
SELECT COUNT(*), SAL*12 AS ANNUAL_SAL, DEPTNO
                 *
ERROR at line 1:
ORA-00979: not a GROUP BY expression 


SQL> SELECT COUTN(*),SUM(SAL*12),DEPTNO
  2  FROM EMP
  3  WHERE DEPTNO IN ('MANAGER','ANALYST') AND (SAL*12) LIKE '%0'
  4  GROUP BY DEPTNO;
SELECT COUTN(*),SUM(SAL*12),DEPTNO
             *
ERROR at line 1:
ORA-00936: missing expression 


SQL> SELECT COUNT(*),SUM(SAL*12),DEPTNO
  2  FROM EMP
  3  WHERE DEPTNO IN ('MANAGER','ANALYST') AND (SAL*12) LIKE '%0'
  4  GROUP BY DEPTNO;
WHERE DEPTNO IN ('MANAGER','ANALYST') AND (SAL*12) LIKE '%0'
                 *
ERROR at line 3:
ORA-01722: invalid number 


SQL> SELECT COUNT(*),SUM(SAL*12),DEPTNO
  2  FROM EMP
  3  WHERE DEPTNO IN ('MANAGER','ANALYST') AND SAL*12 LIKE '%0'
  4  GROUP BY DEPTNO;
WHERE DEPTNO IN ('MANAGER','ANALYST') AND SAL*12 LIKE '%0'
                 *
ERROR at line 3:
ORA-01722: invalid number 


SQL> SELECT COUNT (*),DEPTNO,SUM(SAL*12)
  2  FROM EMP
  3  WHERE JOB IN ('MANAGER','ANALYST') AND SAL*12 LIKE '%0'
  4  GROUP BY DEPTNO;

  COUNT(*)     DEPTNO SUM(SAL*12)                                                                   
---------- ---------- -----------                                                                   
         1         30       34200                                                                   
         3         20      107700                                                                   
         1         10       29400                                                                   

SQL> --Q 9. WRITE A QUERY TO DISPLAY NO OF CLERKS WORKING IN EACH DEPARTMENT.
SQL> 
SQL> 
SQL> SELECT COUNT(*)
  2  FROM EMP
  3  WHERE JOB ='MANAGER'
  4  GROUP BY DEPTNO;

  COUNT(*)                                                                                          
----------                                                                                          
         1                                                                                          
         1                                                                                          
         1                                                                                          

SQL> SELECT COUNT(*), DEPTNO
  2  FROM EMP
  3  WHERE JOB = 'CLERK'
  4  GROUP BY DEPTNO;

  COUNT(*)     DEPTNO                                                                               
---------- ----------                                                                               
         1         30                                                                               
         2         20                                                                               
         1         10                                                                               

SQL> --Q 10.WRITE A QUERY TO DISPLAY HIGHEST SALARY GIVEN TO A MANAGER  IN EACH DEPARTMENT.
SQL> SELECT MAX(SAL),DEPTNO
  2  FROM EMP
  3  WHERE JOB = 'MANAGER'
  4  GROUP BY DEPTNO;

  MAX(SAL)     DEPTNO                                                                               
---------- ----------                                                                               
      2850         30                                                                               
      2975         20                                                                               
      2450         10                                                                               

SQL> --Q 11.WRITE A QUERY TO DISPLAY NO OF TIMES THE SALARIES HAVE REPEATED IN THE EMP TABLE.
SQL> 
SQL> SELECT COUNT(SAL
  2  
SQL> 
SQL> SELECT COUNT(SAL),SAL
  2  FROM EMP
  3  GROUP BY SAL
  4  HAVING COUNT(SAL) > 1;

COUNT(SAL)        SAL                                                                               
---------- ----------                                                                               
         2       1250                                                                               
         2       3000                                                                               

SQL> -- Q 12.WRITE A QUERY TO DISPLAY DEPTNO AND MUNBER OF EMPLOYEES WHORKING IN EACH DEPARTMENT EXCEPT FOR THOSE WORKING IN DEPT10.
SQL> 
SQL> SELECT DEPTNO,COUNT(*),DEPTNO
  2  FROM EMP
  3  WHERE DEPTNO != 10
  4  GROUP BY DEPTNO;

    DEPTNO   COUNT(*)     DEPTNO                                                                    
---------- ---------- ----------                                                                    
        30          6         30                                                                    
        20          5         20                                                                    

SQL> -- Q 13.WAQTD NUMBER OF EMPLOYEES GETTING COMMISSION IN EACH DEPARTMENT.
SQL> 
SQL> 
SQL> SELECT COUNT(*),DEPTNO
  2  FROM EMP
  3  WHERE COMM IS NOT NULL
  4  GROUP BY DEPTNO;

  COUNT(*)     DEPTNO                                                                               
---------- ----------                                                                               
         4         30                                                                               

SQL> --Q 14.WAQTD NUMBER OF EMPLOYEES GETTING SALARY MORE THAN 1600 EXCLUDING ALL THE MANAGERS IN EACH DEPARTEMNT.
SQL> 
SQL> 
SQL> SELECT COUNT(*) , DEPTNO
  2  FRO EMP
  3  WHERE SAL > 1600 AND JOB != 'MANAGER'
  4  GROUP BY DEPTNO;
FRO EMP
    *
ERROR at line 2:
ORA-00923: FROM keyword not found where expected 


SQL> SELECT COUNT (*) , DEPTNO
  2  FROM EMP
  3  WHERE SAL > 1600 AND JOB != 'MANAGER'
  4  GROUP BY DEPTNO;

  COUNT(*)     DEPTNO                                                                               
---------- ----------                                                                               
         2         20                                                                               
         1         10                                                                               

SQL> --Q 15.WAQTD AVERAGE SALARY NEEDED TO PAY ALL THE EMPLOYEES WHO AREHAVING A REPORTING MANAGER IN EACH JOB .
SQL> 
SQL> 
SQL> SELECT AVG(SAL),JOB
  2  FROM EMP
  3  WHERE MGR = 'MANAGER'
  4  GROUP BY JOB;
WHERE MGR = 'MANAGER'
            *
ERROR at line 3:
ORA-01722: invalid number 


SQL> SELECT AVG(SAL),JOB
  2  FROM EMP
  3  WHERE MGR IS NOT NULL
  4  GROUP BY JOB;

  AVG(SAL) JOB                                                                                      
---------- ---------                                                                                
    1037.5 CLERK                                                                                    
      1400 SALESMAN                                                                                 
2758.33333 MANAGER                                                                                  
      3000 ANALYST                                                                                  

SQL> --Q 16.WAQTD NUMBER OF EMPLOYEES HIRED INTO THE SAME DEPARTMENT ON THE SAME DAY.
SQL> 
SQL> SELECT HIREDATE,DEPTNO
  2  FROM EMP
  3  GROUP BY HIREDATE , DEPTNO
  4  HAVING COUNT(HIREDATE) = COUNT(DEPTNO);

HIREDATE      DEPTNO                                                                                
--------- ----------                                                                                
22-FEB-81         30                                                                                
01-MAY-81         30                                                                                
08-SEP-81         30                                                                                
28-SEP-81         30                                                                                
20-FEB-81         30                                                                                
23-JAN-82         10                                                                                
17-DEC-80         20                                                                                
17-NOV-81         10                                                                                
19-APR-87         20                                                                                
23-MAY-87         20                                                                                
03-DEC-81         20                                                                                
02-APR-81         20                                                                                
09-JUN-81         10                                                                                
03-DEC-81         30                                                                                

14 rows selected.

SQL> SELECT HIREDATE,DEPTNO
  2  FROM EMP
  3  GROUP BY HIREDATE,DEPTNO
  4  HAVING  COUNT(*)>1;

no rows selected

SQL> --Q 17.WAQTD NUMBER OF EMPLOYEES GETTING THE SAME SALARY , WORKING IN THE SAME DEPARTMENT.
SQL> 
SQL> 
SQL> 
SQL> SELECT SAL,DEPTNO
  2  FROM EMP
  3  GROUP BY
  4  SAL,DEPTNO
  5  HAVING COUNT(*)>1;

       SAL     DEPTNO                                                                               
---------- ----------                                                                               
      1250         30                                                                               
      3000         20                                                                               

SQL> --Q 18.WAQTD MAXIMUM SALARY GIVEN IN EACH DESIGNATION EXCLUDING THOSE WHOSE NAME STARTS WITH ‘K’.
SQL> 
SQL> 
SQL> 
SQL> SELECT MAX(SAL),JOB
  2  FROM EMP
  3  WHER ENAME NOT LIKE 'k%'
  4  GROUP BY JOB;
WHER ENAME NOT LIKE 'k%'
     *
ERROR at line 3:
ORA-00933: SQL command not properly ended 


SQL> SELECT MAX(SAL),JOB
  2  FROM EMP
  3  WHERE ENAME NOT LIKE 'K%'
  4  GROUP BY JOB;

  MAX(SAL) JOB                                                                                      
---------- ---------                                                                                
      1300 CLERK                                                                                    
      1600 SALESMAN                                                                                 
      2975 MANAGER                                                                                  
      3000 ANALYST                                                                                  

SQL> SELECT ENAME , MAX(SAL) , JOB
  2  FROM EMP
  3  WHERE ENAME NOT LIKE 'K%'
  4  GROUP BY ENAME,JOB;

ENAME        MAX(SAL) JOB                                                                           
---------- ---------- ---------                                                                     
WARD             1250 SALESMAN                                                                      
SMITH             800 CLERK                                                                         
CLARK            2450 MANAGER                                                                       
TURNER           1500 SALESMAN                                                                      
JAMES             950 CLERK                                                                         
JONES            2975 MANAGER                                                                       
MARTIN           1250 SALESMAN                                                                      
ADAMS            1100 CLERK                                                                         
SCOTT            3000 ANALYST                                                                       
FORD             3000 ANALYST                                                                       
ALLEN            1600 SALESMAN                                                                      
BLAKE            2850 MANAGER                                                                       
MILLER           1300 CLERK                                                                         

13 rows selected.

SQL> --Q 19.WAQTD NUMBER OF EMPLOYEES REPORTING TO 7839.
SQL> 
SQL> 
SQL> SELECT COUNT(*)
  2  FROM EMP
  3  WHERE MGR = 7839;

  COUNT(*)                                                                                          
----------                                                                                          
         3                                                                                          

SQL> --- Q 20.WAQTD NUMBER OF EMPLOYEE NAMES STARTING WITH AN VOWEL IN EACH DEPARTMENT.
SQL> 
SQL> 
SQL> 
SQL> SELECT COUNT(*),DEPTNO
  2  FROM EMP
  3  WHERE ENAME LIKE 'A%' AND ENAME LIKE 'E%' AND ENAME LIKE 'I%' AND ENAME LIKE 'O%' AND ENAME LIKE 'U%'
  4  GROUP BY DEPTNO;

no rows selected

SQL> edit
Wrote file afiedt.buf

  1  SELECT COUNT(*),DEPTNO
  2  FROM EMP
  3  WHERE ENAME LIKE 'A%' OR ENAME LIKE 'E%' OR ENAME LIKE 'I%' OR ENAME LIKE 'O%' OR ENAME LIKE 'U%'
  4* GROUP BY DEPTNO
SQL> /

  COUNT(*)     DEPTNO                                                                               
---------- ----------                                                                               
         1         30                                                                               
         1         20                                                                               

SQL> 
SQL> 
SQL> --Q 21.WAQTD AVERAGE SALARY OF ALL THE EMPLOYEES IN EACH DEPARTMENT WHOSE SALARY IS LESS THAN 2000 AND GREATER THAN 3000 AND AVERAGE SALARY IS GREATER THAN 2000
SQL> 
SQL> 
SQL> 
SQL> 
SQL> SELECT AVG(SAL),COUNT(*),DEPTNO
  2  FROM EMP
  3  WHERE SAL NOT BETWEEN 2000 AND 3000
  4  GROUP BY DEPTNO
  5  HAVING AVG(SAL) > 2000;

  AVG(SAL)   COUNT(*)     DEPTNO                                                                    
---------- ---------- ----------                                                                    
      3150          2         10                                                                    

SQL> 
SQL> ---Q 22.WAQTD DUPLICATE DEPARTMENT NUMBER FROM EMPLOYEE TABLE.
SQL> 
SQL> SELECT DEPTNO
  2  FROM EMP
  3  GROUP BY
  4  DEPTNO
  5  HAVING COUNT(*)>1;

    DEPTNO                                                                                          
----------                                                                                          
        30                                                                                          
        20                                                                                          
        10                                                                                          

SQL> --- Q 23.WAQTD  MAXIMUM SALARY,MINIMUM SALARY,JOB IF JOB IS CLERK,ANALYST.
SQL> 
SQL> 
SQL> SELECT MAX(SAL),MIN(SAL),JOB
  2  FROM EMP W
  3  
SQL> 
SQL> SELECT MAX(SAL),MIN(SAL),JOB
  2  FROM EMP
  3  WHERE JOB IN ('CLERK','ANALYST')
  4  GROUP BY JOB;

  MAX(SAL)   MIN(SAL) JOB                                                                           
---------- ---------- ---------                                                                     
      1300        800 CLERK                                                                         
      3000       3000 ANALYST                                                                       

SQL> 
SQL> 
SQL> 
SQL> --- Q 24.WAQTD NUMBER OF EMPLOYEES IN EACH DEPARTMENT.
SQL> 
SQL> 
SQL> SELECT COUNT(*),DEPTNO
  2  FROM EMP
  3  GROUP BY DEPNTO;
GROUP BY DEPNTO
         *
ERROR at line 3:
ORA-00904: "DEPNTO": invalid identifier 


SQL> SELECT COUNT
  2  (*),DEPTNO
  3  FROM EMP
  4  GROUP BY DEPTNO;

  COUNT(*)     DEPTNO                                                                               
---------- ----------                                                                               
         6         30                                                                               
         5         20                                                                               
         3         10                                                                               

SQL> --Q 25.WAQTD MAXIMUM SALARY , MINIMUM SALARY , SALARY OF ALL THE EMPLOYEE WHOSE SALARY IS GREATER THAN 2000 IN EACH DEPARTMENT.
SQL> 
SQL> 
SQL> SELECT MAX(SAL),MIN(SAL) SAL ,DEPTNO
  2  FROM EMP
  3  WHERE SAL > 2000
  4  GROUP BY SAL,DEPTNO;

  MAX(SAL)        SAL     DEPTNO                                                                    
---------- ---------- ----------                                                                    
      5000       5000         10                                                                    
      2450       2450         10                                                                    
      3000       3000         20                                                                    
      2850       2850         30                                                                    
      2975       2975         20                                                                    

SQL> SELECT MAX(SAL),MIN(SAL),DEPTNO
  2  FROM EMP
  3  WHERE SAL > 2000
  4  GROUP BY DEPTNO;

  MAX(SAL)   MIN(SAL)     DEPTNO                                                                    
---------- ---------- ----------                                                                    
      2850       2850         30                                                                    
      3000       2975         20                                                                    
      5000       2450         10                                                                    

SQL> 
SQL> 
SQL> 
SQL> 
SQL> 
