
SQL> 
SQL> --Q1) waqtd max sal  min sal in each dept  if the emos are getting some sal and                --max sal more than 2000 ?
SQL> 
SQL> SELECT MAX(SAL),MIN(SAL),JOB
  2  FROM EMP
  3  GROUP BY JOB;

  MAX(SAL)   MIN(SAL) JOB                                                                           
---------- ---------- ---------                                                                     
      1300        800 CLERK                                                                         
      1600       1250 SALESMAN                                                                      
      5000       5000 PRESIDENT                                                                     
      2975       2450 MANAGER                                                                       
      3000       3000 ANALYST                                                                       

SQL> 
SQL> --Q2)waqtd max sal min sal sum sal if the mxa sal> 2000 in ecah job
SQL> 
SQL> SELECT MAX(SAL),MIN(SAL),SUM(SAL)
  2  FROM EMP
  3  GROUP BY JOB
  4  HAVING MAX(SAL) > 2000;

  MAX(SAL)   MIN(SAL)   SUM(SAL)                                                                    
---------- ---------- ----------                                                                    
      5000       5000       5000                                                                    
      2975       2450       8275                                                                    
      3000       3000       6000                                                                    

SQL> SELECT MAX(SAL),MIN(SAL),SUM(SAL),JOB
  2  FROM EMP
  3  GROUP BY JOB
  4  HAVING MAX(SAL) > 2000;

  MAX(SAL)   MIN(SAL)   SUM(SAL) JOB                                                                
---------- ---------- ---------- ---------                                                          
      5000       5000       5000 PRESIDENT                                                          
      2975       2450       8275 MANAGER                                                            
      3000       3000       6000 ANALYST                                                            

SQL> 
SQL> 
SQL> --Q3) waqts maxsal, minsal,sumsal if they are hired between 1981 to 1985?
SQL> 
SQL> SELECT MAX(SAL),MIN(SAL),SUM(SAL)
  2  FROM EMP
  3  WHERE HIREDATE BETWEEN '1-JAN-1981' AND '31-DEC-1985' ;

  MAX(SAL)   MIN(SAL)   SUM(SAL)                                                                    
---------- ---------- ----------                                                                    
      5000        950      24125                                                                    

SQL> 
SQL> --Q4) waqtd number of emps in each dept if the job has exactly 3 emps
SQL> 
SQL> SELECT COUNT(*),DEPTNO
  2  FROM EMP
  3  GROUP BY DEPTNO
  4  HAVING COUNT(*) = 3;CHRO
  5  edit
  6  edit
  7  
SQL> 
