-- WAQTD MAX SAL, MIN SAL IN EACH JOB ?
SQL> --ANS :
SQL> SELECT MAX(SAL),MIN(SAL),JOB
  2  FROM EMP
  3  GROUP BY JOB;

  MAX(SAL)   MIN(SAL) JOB                                                                           
---------- ---------- ---------                                                                     
      1300        800 CLERK                                                                         
      1600       1250 SALESMAN                                                                      
      5000       5000 PRESIDENT                                                                     
      2975       2450 MANAGER                                                                       
      3000       3000 ANALYST                                                                       

SQL> --2) WAQTD MAX SAL, MIN SAL IN EACH HIREDATE ?
SQL> --ANS :
SQL> SELECT MAX(SAL), MIN(SAL), HIREDATE
  2  FROM EMP
  3  GROUP BY HIREDATE;

  MAX(SAL)   MIN(SAL) HIREDATE                                                                      
---------- ---------- ---------                                                                     
      1100       1100 23-MAY-87                                                                     
      5000       5000 17-NOV-81                                                                     
      3000        950 03-DEC-81                                                                     
      1300       1300 23-JAN-82                                                                     
      1250       1250 22-FEB-81                                                                     
       800        800 17-DEC-80                                                                     
      2450       2450 09-JUN-81                                                                     
      1600       1600 20-FEB-81                                                                     
      2975       2975 02-APR-81                                                                     
      3000       3000 19-APR-87                                                                     
      2850       2850 01-MAY-81                                                                     
      1500       1500 08-SEP-81                                                                     
      1250       1250 28-SEP-81                                                                     

13 rows selected.

SQL> -- 3) WAQTD MAX SAL ,MIN SAL, SUM SAL, IF THE EMP'S ARE HIRED BETWEEN 1982 TO 1985 ?
SQL> --ANS :
SQL> SELECT MAX(SAL),MIN(SAL),SUM(SAL),HIREDATE
  2  FROM EMP
  3  WHERE HIREDATE BETWEEN '31-DEC-1981' AND '1-JAN-1985';
SELECT MAX(SAL),MIN(SAL),SUM(SAL),HIREDATE
                                  *
ERROR at line 1:
ORA-00937: not a single-group group function 


SQL> SELECT SUM(SAL), MAX(SAL) ,MIN(SAL)
  2  FROM EMP
  3  WHERE HIREDATE BETWEEN '31-DEC-1981' AND '1-JAN-1986';

  SUM(SAL)   MAX(SAL)   MIN(SAL)                                                                    
---------- ---------- ----------                                                                    
      1300       1300       1300                                                                    

SQL> -- 4) WAQTD NUMBERS OF EMP'S IN EACH JOB ?
SQL> --ANS :
SQL> SELECT COUNT (*)
  2  ,JOB
  3  FROM EMP
  4  GROUP BY JOB;

  COUNT(*) JOB                                                                                      
---------- ---------                                                                                
         4 CLERK                                                                                    
         4 SALESMAN                                                                                 
         1 PRESIDENT                                                                                
         3 MANAGER                                                                                  
         2 ANALYST                                                                                  

SQL> -- 5) WAQTD NUMBER OF EMP'S IN EACH HIREDATE ?
SQL> --ANS :
SQL> SELECT (*), HIREDATE
  2  FROM EMP
  3  GROUP BY HIREDATE ;
SELECT (*), HIREDATE
        *
ERROR at line 1:
ORA-00936: missing expression 


SQL> SELECT COUNT(*), HIREDATE
  2  FROM EMP
  3  GROUP BY HIREDATE ;

  COUNT(*) HIREDATE                                                                                 
---------- ---------                                                                                
         1 23-MAY-87                                                                                
         1 17-NOV-81                                                                                
         2 03-DEC-81                                                                                
         1 23-JAN-82                                                                                
         1 22-FEB-81                                                                                
         1 17-DEC-80                                                                                
         1 09-JUN-81                                                                                
         1 20-FEB-81                                                                                
         1 02-APR-81                                                                                
         1 19-APR-87                                                                                
         1 01-MAY-81                                                                                
         1 08-SEP-81                                                                                
         1 28-SEP-81                                                                                

13 rows selected.

SQL> --6) WAQTD NUMBER OF EMP'S IN EACH DEPTNO /
SQL> --ANS :
SQL> SELECT COUNT(*), DEPTNO
  2  FROM EMP
  3  GROUP BY DEPTNO;

  COUNT(*)     DEPTNO                                                                               
---------- ----------                                                                               
         6         30                                                                               
         5         20                                                                               
         3         10                                                                               

SQL> -- 7) WAQTD MAX SAL, MIN SAL, ENAME IF THE NAME STARTS WITH A ?
SQL> --ANS:
SQL> SELECT MAX(SAL),MIN(SAL),ENAME
  2  FROM EMP
  3  WHERE ENAME LIKE 'A%'
  4  GROUP BY ENAME;

  MAX(SAL)   MIN(SAL) ENAME                                                                         
---------- ---------- ----------                                                                    
      1600       1600 ALLEN                                                                         
      1100       1100 ADAMS                                                                         

SQL> -- 8) WAQTD MAX SAL, MIN SAL, SUM SAL, IF THEY ARE GETTING SAL MORE THAN 2000 AND IN DEPT NO 10-- 20
SQL> --ANS:
SQL> SELECT MAX(SAL),MIN(SAL),SUM(SAL),JOB
  2  FROM EMP
  3  WHERE SAL>2000 AND DEPTNO IN (10,20)
  4  GROUP BY JOB;

  MAX(SAL)   MIN(SAL)   SUM(SAL) JOB                                                                
---------- ---------- ---------- ---------                                                          
      5000       5000       5000 PRESIDENT                                                          
      2975       2450       5425 MANAGER                                                            
      3000       3000       6000 ANALYST                                                            

SQL> -- WAQTD SAL WITHOUT DISTINCT KEYWORD /
SQL> -- ANS ;
SQL> SELECT SAL
  2  FROM EMP
  3  GROUP BY SAL;

       SAL                                                                                          
----------                                                                                          
      2450                                                                                          
      5000                                                                                          
      1300                                                                                          
      1250                                                                                          
      2850                                                                                          
      2975                                                                                          
      1100                                                                                          
      3000                                                                                          
       800                                                                                          
      1600                                                                                          
      1500                                                                                          
       950                                                                                          

12 rows selected.

SQL> -- 10) WAQTD MXA OF SAL MIN SAL , JOB DEPTNO WHICH IS FROM EMP TABLE ?
SQL> -- ANS :
SQL> SELECT MAX(SAL),MIN(SAL), JOB , DEPTNO
  2  FROM EMP
  3  GROUP BY JOB ,DEPTNO ;

  MAX(SAL)   MIN(SAL) JOB           DEPTNO                                                          
---------- ---------- --------- ----------                                                          
      2975       2975 MANAGER           20                                                          
      5000       5000 PRESIDENT         10                                                          
      1300       1300 CLERK             10                                                          
      1600       1250 SALESMAN          30                                                          
      3000       3000 ANALYST           20                                                          
      2850       2850 MANAGER           30                                                          
      2450       2450 MANAGER           10                                                          
       950        950 CLERK             30                                                          
      1100        800 CLERK             20                                                          

9 rows selected.

SQL> --WAQTD UNQIUE ROW OF EMP TABLE ?
SQL> --ANS :
SQL> SELECT DISTINCT (*)
  2  FROM EMP;
SELECT DISTINCT (*)
                 *
ERROR at line 1:
ORA-00936: missing expression 


SQL> SELECT DISTINCT *
  2  FROM EMP;

     EMPNO ENAME      JOB              MGR HIREDATE         SAL       COMM     DEPTNO               
---------- ---------- --------- ---------- --------- ---------- ---------- ----------               
      7844 TURNER     SALESMAN        7698 08-SEP-81       1500          0         30               
      7902 FORD       ANALYST         7566 03-DEC-81       3000                    20               
      7654 MARTIN     SALESMAN        7698 28-SEP-81       1250       1400         30               
      7788 SCOTT      ANALYST         7566 19-APR-87       3000                    20               
      7369 SMITH      CLERK           7902 17-DEC-80        800                    20               
      7566 JONES      MANAGER         7839 02-APR-81       2975                    20               
      7876 ADAMS      CLERK           7788 23-MAY-87       1100                    20               
      7900 JAMES      CLERK           7698 03-DEC-81        950                    30               
      7521 WARD       SALESMAN        7698 22-FEB-81       1250        500         30               
      7698 BLAKE      MANAGER         7839 01-MAY-81       2850                    30               
      7782 CLARK      MANAGER         7839 09-JUN-81       2450                    10               
      7934 MILLER     CLERK           7782 23-JAN-82       1300                    10               
      7499 ALLEN      SALESMAN        7698 20-FEB-81       1600        300         30               
      7839 KING       PRESIDENT            17-NOV-81       5000                    10               

14 rows selected.

SQL> 
