
SQL> 
SQL> -- Q1) WRITE A QUERY TO DISPLAY THE EMPLOYEE NAMES WHO ARE EARNING MORE THAN SMITH.
SQL> 
SQL> SELECT ENAME
  2  FROM EMP
  3  WHERE SAL > ( SELECT SAL
  4  FROM EMP
  5  WHERE ENAME = 'SMITH');

ENAME                                                                                               
----------                                                                                          
ALLEN                                                                                               
WARD                                                                                                
JONES                                                                                               
MARTIN                                                                                              
BLAKE                                                                                               
CLARK                                                                                               
SCOTT                                                                                               
KING                                                                                                
TURNER                                                                                              
ADAMS                                                                                               
JAMES                                                                                               
FORD                                                                                                
MILLER                                                                                              

13 rows selected.

SQL> 
SQL> --Q2) WRITE A QUERY TO DISPLAY ALL THE EMPLOYEES WHO’S DEPT NUMBER IS SAME AS SCOTT.
SQL> 
SQL> SELECT *
  2  FROM EMP
  3  WHERE DEPTNO = (SELECT DEPTNO
  4  FROM EMP
  5  WHERE ENAME = 'SCOTT');

     EMPNO ENAME      JOB              MGR HIREDATE         SAL       COMM     DEPTNO               
---------- ---------- --------- ---------- --------- ---------- ---------- ----------               
      7369 SMITH      CLERK           7902 17-DEC-80        800                    20               
      7566 JONES      MANAGER         7839 02-APR-81       2975                    20               
      7788 SCOTT      ANALYST         7566 19-APR-87       3000                    20               
      7876 ADAMS      CLERK           7788 23-MAY-87       1100                    20               
      7902 FORD       ANALYST         7566 03-DEC-81       3000                    20               

SQL> 
SQL> --Q3) LIST THE EMPLOYEES WHO HAS SALARY GREATER THAN MILLER.
SQL> 
SQL> SELECT *
  2  FROM EMP
  3  WHERE SAL > (SELECT SAL
  4  FROM EMP
  5  WHERE ENAME = 'MILLER');

     EMPNO ENAME      JOB              MGR HIREDATE         SAL       COMM     DEPTNO               
---------- ---------- --------- ---------- --------- ---------- ---------- ----------               
      7499 ALLEN      SALESMAN        7698 20-FEB-81       1600        300         30               
      7566 JONES      MANAGER         7839 02-APR-81       2975                    20               
      7698 BLAKE      MANAGER         7839 01-MAY-81       2850                    30               
      7782 CLARK      MANAGER         7839 09-JUN-81       2450                    10               
      7788 SCOTT      ANALYST         7566 19-APR-87       3000                    20               
      7839 KING       PRESIDENT            17-NOV-81       5000                    10               
      7844 TURNER     SALESMAN        7698 08-SEP-81       1500          0         30               
      7902 FORD       ANALYST         7566 03-DEC-81       3000                    20               

8 rows selected.

SQL> 
SQL> --Q4) WRITE A QUERY TO DISPLAY ALL THE EMPLOYEE WHOSE JOB S NOT SAME AS ALLEN AND SALARY IS GRE--ATER THAN
SQL> 
SQL> 
SQL> SELECT *
  2  FROM EMP
  3  WHERE JOB NOT IN (
  4  SELECT JOB
  5  FROM EMP
  6  WHERE ENMAE = 'ALLEN')
  7  AND SAL > (
  8  SELECT SAL
  9  FROM EPM
 10  WHERE ENAME = 'MILLER');
WHERE ENMAE = 'ALLEN')
      *
ERROR at line 6:
ORA-00904: "ENMAE": invalid identifier 


SQL> SELECT *
  2  FROM EMP
  3  WHERE JOB NOT IN (
  4  SELECT JOB
  5  FROM EMP
  6  WHERE ENAME = 'ALLEN')
  7  AND SAL > (
  8  SELECT SAL
  9  FROM EMP
 10  WHERE ENAME = 'MILLER');

     EMPNO ENAME      JOB              MGR HIREDATE         SAL       COMM     DEPTNO               
---------- ---------- --------- ---------- --------- ---------- ---------- ----------               
      7566 JONES      MANAGER         7839 02-APR-81       2975                    20               
      7698 BLAKE      MANAGER         7839 01-MAY-81       2850                    30               
      7782 CLARK      MANAGER         7839 09-JUN-81       2450                    10               
      7788 SCOTT      ANALYST         7566 19-APR-87       3000                    20               
      7839 KING       PRESIDENT            17-NOV-81       5000                    10               
      7902 FORD       ANALYST         7566 03-DEC-81       3000                    20               

6 rows selected.

SQL> 
SQL> 
SQL> 
SQL> -- Q5)LIST ALL THE EMPLOYEES WHOSE JOB IS SAME AS JONES AND THEIR SALARYLESSER THAN SCOTT.
SQL> 
SQL> SELECT *
  2  FROM EMP
  3  WHERE JOB IN (
  4  SELECT JOB
  5  FROM EMP
  6  WHERE ENAME = 'JONES') AND SAL < (
  7  SELECT SAL
  8  FROM EMP
  9  WHERE ENAME = 'SCOTT');

     EMPNO ENAME      JOB              MGR HIREDATE         SAL       COMM     DEPTNO               
---------- ---------- --------- ---------- --------- ---------- ---------- ----------               
      7782 CLARK      MANAGER         7839 09-JUN-81       2450                    10               
      7698 BLAKE      MANAGER         7839 01-MAY-81       2850                    30               
      7566 JONES      MANAGER         7839 02-APR-81       2975                    20               

SQL> 
SQL> 
SQL> --Q6) DISPLAY ALL THE EMPLOYEES WHO ARE JOINED AFTER BLAKE.
SQL> 
SQL> SELECT *
  2  FROM EMP
  3  WHERE HIREDATE >= (
  4  SELECT HIREDATE
  5  FROM EMP
  6  WHERE ENAME = 'BLAKE');

     EMPNO ENAME      JOB              MGR HIREDATE         SAL       COMM     DEPTNO               
---------- ---------- --------- ---------- --------- ---------- ---------- ----------               
      7654 MARTIN     SALESMAN        7698 28-SEP-81       1250       1400         30               
      7698 BLAKE      MANAGER         7839 01-MAY-81       2850                    30               
      7782 CLARK      MANAGER         7839 09-JUN-81       2450                    10               
      7788 SCOTT      ANALYST         7566 19-APR-87       3000                    20               
      7839 KING       PRESIDENT            17-NOV-81       5000                    10               
      7844 TURNER     SALESMAN        7698 08-SEP-81       1500          0         30               
      7876 ADAMS      CLERK           7788 23-MAY-87       1100                    20               
      7900 JAMES      CLERK           7698 03-DEC-81        950                    30               
      7902 FORD       ANALYST         7566 03-DEC-81       3000                    20               
      7934 MILLER     CLERK           7782 23-JAN-82       1300                    10               

10 rows selected.

SQL> SELECT *
  2  FROM EMP
  3  WHERE HIREDATE = (
  4  SELECT HIREDATE
  5  FROM EMP
  6  WHERE ENAME  = 'BLAKE');

     EMPNO ENAME      JOB              MGR HIREDATE         SAL       COMM     DEPTNO               
---------- ---------- --------- ---------- --------- ---------- ---------- ----------               
      7698 BLAKE      MANAGER         7839 01-MAY-81       2850                    30               

SQL> SELECT *
  2  FROM EMP
  3  WHERE HIREDATE > (
  4  SELECT HIREDATE
  5  FROM EMP
  6  WHERE ENAME = 'BLAKE');

     EMPNO ENAME      JOB              MGR HIREDATE         SAL       COMM     DEPTNO               
---------- ---------- --------- ---------- --------- ---------- ---------- ----------               
      7654 MARTIN     SALESMAN        7698 28-SEP-81       1250       1400         30               
      7782 CLARK      MANAGER         7839 09-JUN-81       2450                    10               
      7788 SCOTT      ANALYST         7566 19-APR-87       3000                    20               
      7839 KING       PRESIDENT            17-NOV-81       5000                    10               
      7844 TURNER     SALESMAN        7698 08-SEP-81       1500          0         30               
      7876 ADAMS      CLERK           7788 23-MAY-87       1100                    20               
      7900 JAMES      CLERK           7698 03-DEC-81        950                    30               
      7902 FORD       ANALYST         7566 03-DEC-81       3000                    20               
      7934 MILLER     CLERK           7782 23-JAN-82       1300                    10               

9 rows selected.

SQL> 
SQL> 
SQL> --- Q7) WRITE A QUERY TO DISPLAY THE EMPLOYEE INFORMATION WHO IS NOT TAKING COMMISSION AND JOIN--NED COMPANY AFTER ALLEN
SQL> 
SQL> 
SQL> SELECT *
  2  FROM EMP
  3  WHERE COMM IS NULL AND HIREDATE > (
  4  SELECT HIREDATE
  5  FROM EMP
  6  WHRE ENAME = 'ALLEN');
WHRE ENAME = 'ALLEN')
     *
ERROR at line 6:
ORA-00907: missing right parenthesis 


SQL> SELECT *
  2  FROM EMP
  3  WHERE COMM IS NULL AND HIREDATE > (
  4  SELECT HIREDATE
  5  FROM EMP
  6  WHERE ENAME = 'ALLEN');

     EMPNO ENAME      JOB              MGR HIREDATE         SAL       COMM     DEPTNO               
---------- ---------- --------- ---------- --------- ---------- ---------- ----------               
      7566 JONES      MANAGER         7839 02-APR-81       2975                    20               
      7698 BLAKE      MANAGER         7839 01-MAY-81       2850                    30               
      7782 CLARK      MANAGER         7839 09-JUN-81       2450                    10               
      7788 SCOTT      ANALYST         7566 19-APR-87       3000                    20               
      7839 KING       PRESIDENT            17-NOV-81       5000                    10               
      7876 ADAMS      CLERK           7788 23-MAY-87       1100                    20               
      7900 JAMES      CLERK           7698 03-DEC-81        950                    30               
      7902 FORD       ANALYST         7566 03-DEC-81       3000                    20               
      7934 MILLER     CLERK           7782 23-JAN-82       1300                    10               

9 rows selected.

SQL> 
SQL> ---Q8)DISPLAY DETAILS OF EMPLOYEES ALONG WITH HIKE OF 35% IN SALARY WORKING AS PRESIDENT AND EA--NING MORE THAN SMITH.
SQL> 
SQL> SELECT * , SAL+SAL*35/100 AS "HIKED SAL"
  2  FROM EMP
  3  WHERE JOB = 'PRESIDENT' AND SAL > (
  4  SELECT SAL
  5  FROM EMP
  6  WHERE ENAME = 'SMITH');
SELECT * , SAL+SAL*35/100 AS "HIKED SAL"
         *
ERROR at line 1:
ORA-00923: FROM keyword not found where expected 


SQL> SELECT EMP.*, SAL+SAL*35/100 AS "HIKED SAL"
  2  FROM EMP
  3  WHERE JOB = 'PRESIDENT' AND SAL > (
  4  SELECT SAL
  5  FROM EMP
  6  WHERE ENAME = 'SMITH');

     EMPNO ENAME      JOB              MGR HIREDATE         SAL       COMM     DEPTNO  HIKED SAL    
---------- ---------- --------- ---------- --------- ---------- ---------- ---------- ----------    
      7839 KING       PRESIDENT            17-NOV-81       5000                    10       6750    

SQL> 
SQL> 
SQL> 
SQL> --Q9)DISPLAY NAMES OF EMPLOYEES WHOSE COMMISSION IS MORE
SQL> --THAN SALARY AND HIRED BEFORE KING.
SQL> 
SQL> 
SQL> SELECT ENAME
  2  FROM EMP
  3  WHERE COMM > SAL AND HIREDATE < (
  4  SELECT HIREDATE
  5  FROM EMP
  6  WHERE ENAME = 'KING');

ENAME                                                                                               
----------                                                                                          
MARTIN                                                                                              

SQL> 
SQL> 
SQL> --Q10) LIST THE EMPLOYEES WHOSE DAILY SALARY IS GREATER THAN ALLEN AND WHO ARE JOINED BEFORE MI--LLER ONLY.
SQL> 
SQL> 
SQL> SELECT EMP.*, SAL/30 AS "DAILLY SALARY"
  2  FROM EMP
  3  WHERE (SAL/30) > (
  4  SELECT SAL/30 AS "DAILY SALARY"
  5  FROM EMP
  6  WHERE ENAME = 'ALLEN') AND  HIREDATE < (
  7  SELECT HIREDATE
  8  FROM EMP
  9  WHERE ENAME = 'MILLER');

     EMPNO ENAME      JOB              MGR HIREDATE         SAL       COMM     DEPTNO DAILLY SALARY 
---------- ---------- --------- ---------- --------- ---------- ---------- ---------- ------------- 
      7566 JONES      MANAGER         7839 02-APR-81       2975                    20    99.1666667 
      7698 BLAKE      MANAGER         7839 01-MAY-81       2850                    30            95 
      7782 CLARK      MANAGER         7839 09-JUN-81       2450                    10    81.6666667 
      7839 KING       PRESIDENT            17-NOV-81       5000                    10    166.666667 
      7902 FORD       ANALYST         7566 03-DEC-81       3000                    20           100 

SQL> 
SQL> 
SQL> ---Q11) DISPLAY NUMBER OF EMPLOYEES WHOSE COMMISSION IS MORE THAN SALARY AND EARNING MORE THAN --SMITH
SQL> 
SQL> 
SQL> SELECT *
  2  FROM EMP
  3  WHERE COMM > SAL AND SAL > (
  4  SELECT SAL
  5  FROM EMP
  6  WHERE ENAME = 'SMITH');

     EMPNO ENAME      JOB              MGR HIREDATE         SAL       COMM     DEPTNO               
---------- ---------- --------- ---------- --------- ---------- ---------- ----------               
      7654 MARTIN     SALESMAN        7698 28-SEP-81       1250       1400         30               

SQL> 
SQL> 
SQL> --Q12)DISPLAY ALL THE EMPLOYEES WHOSE NAME START WITH 'S' AND HAVING SALARY MORE THAN 'ALLEN' A---ND LESS THAN 'FORD’.
SQL> 
SQL> SELECT *
  2  FROM EMP
  3  WHERE ENAME LIKE 'S%' AND SAL > (
  4  SELECT SAL
  5  FROM EMP
  6  WHERE ENAME = 'ALLEN') AND SAL < (
  7  SELECT SAL
  8  FROM EMP
  9  WHERE ENAME = 'FORD');

no rows selected

SQL> 
SQL> 
SQL> --Q13) DISPLAY THE DEPARTMENT NAMES THAT ARE HAVING ATLEAST ONE "L" IN IT
SQL> 
SQL> 
SQL> 
SQL> 
SQL> --DISPLAY THE MANAGER REPORTING , JOB AND DEPARTMENT NUMBER FOR THOSE WHO DON'T HAVE COMMISSION--
SQL> 
SQL> SELECT MGR , JOB , DEPTNO
  2  FROM EMP
  3  WHERE COMM IS NULL;

       MGR JOB           DEPTNO                                                                     
---------- --------- ----------                                                                     
      7902 CLERK             20                                                                     
      7839 MANAGER           20                                                                     
      7839 MANAGER           30                                                                     
      7839 MANAGER           10                                                                     
      7566 ANALYST           20                                                                     
           PRESIDENT         10                                                                     
      7788 CLERK             20                                                                     
      7698 CLERK             30                                                                     
      7566 ANALYST           20                                                                     
      7782 CLERK             10                                                                     

10 rows selected.

SQL> 
SQL> 
SQL> 
SQL> -- Q15) WAQTD THE DETAILS OF ALL THE EMPLOYEES WHO ARE HIRED AFTER FORD AND DEPARTMENT IS SAME --AS ADAM
SQL> 
SQL> 
SQL> SELECT *
  2  FROM EMP
  3  WHERE HIREDATE > (
  4  SELECT HIREDATE
  5  FROM EMP
  6  WHERE ENAME = 'FORD' ) AND DEPTNO = (
  7  SELECT DEPTNO
  8  FROM EMP
  9  WHERE ENAME = 'ADAM');

no rows selected

SQL> 
SQL> 
SQL> 
SQL> --Q16) WAQTD ALL THE DETAILS OF THE EMPLOYEES WHOSE SALARY IS GREATER THAN OR EQUAL TO 2000 AND ---LESS THAN 4000 AND IS
SQL> --WORKING AS MANAGER,CLERK,SALESMAN AND THEY ARE HIRED AFTER ADAMS.
SQL> 
SQL> SELECT *
  2  FROM EMP
  3  WHERE SAL >= 2000 AND SAL<=4000 AND JOB IN ('MANAGER','CLERK',SALESMAN') AND HIREDATE > (
  4  SELECT HIREDATE
  5  FROM EMP
  6  WHERE ENAME = 'ADAMS');
ERROR:
ORA-01756: quoted string not properly terminated 


SQL> SELECT *
  2  FROM EMP
  3  WHERE SAL >= 2000 AND SAL < 4000 AND JOB IN ('MANAGER','CLERK','SALESMAN') AND
  4  HIREDATE >(
  5  SELECT HIREDATE
  6  FROM EMP
  7  WHERE ENAME = 'ADAMS');

no rows selected

SQL> 
SQL> 
SQL> 
SQL> 
SQL> 
SQL> 
SQL> 
SQL> ---Q17)WAQTD ALL THE DETAILS OF ALL THE EMPLOYEES WHO ARE GETTING SOME COMMISSION AND THERE SAL-- LESS THAN KING AND SAME DEPARTMENT AS SMITH.
SQL> 
SQL> 
SQL> SELECT *
  2  FROM EMP
  3  WHERE COMM IS NOT NULL AND SAL > (
  4  SELECT SAL
  5  FROM EMP
  6  WHERE ENAME IS ('KING')) AND DEPTNO = (
  7  SELECT DEPTNO
  8  FROM EMP
  9  WHERE ENAME = 'SMITH');
WHERE ENAME IS ('KING')) AND DEPTNO = (
               *
ERROR at line 6:
ORA-00908: missing NULL keyword 


SQL> SELECT *
  2  FROM EMP
  3  WHERE COMM IS NOT NULL AND SAL > (
  4  SELECT SAL
  5  FROM EMP
  6  WHERE ENAME = 'KING') AND DEPTNO = (
  7  SELECT DEPTNO
  8  FROM EMP
  9  WHERE ENAME = 'SMITH');

no rows selected

SQL> 
SQL> 
SQL> 
SQL> 
SQL> 
SQL> 
SQL> 
SQL> ---Q18)WAQTD ALL THE DETAILS OF ALL THE EMPLOYEE WHOSE DEPARTMENT IS 10,20 AND DESIGNATION IS S--SAME AS ADAM AND SALARY IS MORE THAN ALLEN AND LESS THAN KING.
SQL> 
SQL> 
SQL> SELECT *
  2  FROM EMP
  3  WHERE DEPTNO IN (10,20) AND JOB = (
  4  SELECT JOB
  5  FROM EMP
  6  WHERE ENAME = 'ADAM') AND SAL > (
  7  SELECT SAL
  8  FROM EMP
  9  WHERE ENAME = 'ALLEN') AND SAL < (
 10  SELECT SAL
 11  FROM EMP
 12  WHERE ENAME = 'KING');

no rows selected

SQL> 
SQL> 
SQL> --Q19) WAQTD ALL THE DETAILS OF THE EMPLOYEES WHOSE NAME HAS EXACTLY ONE S IN HIS NAME AND SALA-- IS MORE THAN SMITH AND ARE HIRED AFTER ADAMS.
SQL> 
SQL> 
SQL> SELECT *
  2  FROM EMP
  3  WHERE ENAME LIKE '%S%' AND ENAME NOT LIKE '%S%S%' AND SAL > (
  4  SELECT SAL
  5  FROM EMP
  6  WHERE ENAME ='SMITH') AND HIREDATE > (
  7  SELECT HIREDATE
  8  FROM EMP
  9  WHERE ENAME = 'ADAM');

no rows selected

SQL> edit
Wrote file afiedt.buf

  1  SELECT *
  2  FROM EMP
  3  WHERE ENAME LIKE '%S%' AND ENAME NOT LIKE '%S%S%' AND SAL > (
  4  SELECT SAL
  5  FROM EMP
  6  WHERE ENAME ='SMITH') AND HIREDATE > (
  7  SELECT HIREDATE
  8  FROM EMP
  9* WHERE ENAME = 'ADAMS')
SQL> /

no rows selected

SQL> 
SQL> 
SQL> 
SQL> 
SQL> -- Q20) WAQTD ALL THE DETAILS OF THE EMPLOYESS WHOSE DAILY SALARY IS GRETAER THAN ALLEN AND WHO -- ARE JOINED BEFORE MILLER
SQL> 
SQL> 
SQL> SELECT *
  2  FROM EMP
  3  WHERE SAL/30 > (
  4  SELECT SAL/30
  5  FROM EMP
  6  WHERE ENAME = 'ALLEN') AND HIREDATE < (
  7  SELECT HIREDATE
  8  FROM EMP
  9  WHERE ENAME = 'MILLER');

     EMPNO ENAME      JOB              MGR HIREDATE         SAL       COMM     DEPTNO               
---------- ---------- --------- ---------- --------- ---------- ---------- ----------               
      7566 JONES      MANAGER         7839 02-APR-81       2975                    20               
      7698 BLAKE      MANAGER         7839 01-MAY-81       2850                    30               
      7782 CLARK      MANAGER         7839 09-JUN-81       2450                    10               
      7839 KING       PRESIDENT            17-NOV-81       5000                    10               
      7902 FORD       ANALYST         7566 03-DEC-81       3000                    20               

SQL> SELECT EMP.*, SAL/30 AS "DAILY SAL"
  2  FROM EMP
  3  WHERE SAL/30 >
  4  (SELECT SAL/30 AS "DAILY SAL"
  5  FROM EMP
  6  WHERE ENAME = 'ALLEN') AND
  7  HIREDATE <
  8  (SELECT HIREDATE
  9  FROM EMP
 10  WHERE ENAME = 'MILLER');

     EMPNO ENAME      JOB              MGR HIREDATE         SAL       COMM     DEPTNO  DAILY SAL    
---------- ---------- --------- ---------- --------- ---------- ---------- ---------- ----------    
      7566 JONES      MANAGER         7839 02-APR-81       2975                    20 99.1666667    
      7698 BLAKE      MANAGER         7839 01-MAY-81       2850                    30         95    
      7782 CLARK      MANAGER         7839 09-JUN-81       2450                    10 81.6666667    
      7839 KING       PRESIDENT            17-NOV-81       5000                    10 166.666667    
      7902 FORD       ANALYST         7566 03-DEC-81       3000                    20        100    

SQL> 
